List of all drug words from 2003-2010 Washington files and the 2002-2003 California files

The drug word list should include all words describing substances that can cause poisoning,
including illicit drugs (e.g. ecstasy) and common substances (e.g. herbs, car exhaust)


For programming, list starts on line 10.


ACETAMINOPHEN
ACETORINGDIN
ACETYLSALICYLIC
ADRIAMYCIN
AEROSOL
ALBUTEROL
ALCOHOL
ALCOHOLISM
ALKALI
ALKALOID
ALPRAZOL
ALPRAZOLAM
AMANTADINE
AMBIEN
AMIDE
AMINOCLONAZEPAM
AMINOGLYCOSIDE
AMIODARONE
AMITRIPTYLINE
AMLODIPINE
AMMONIA
AMOBARBITAL
AMOXAPINE
AMOXICILLIN
AMPHETAMINE
AMPHOTERICIN
ANALGESIC
ANESTHESIA
ANESTHETIC
ANTABUSE
ANTIBODY
ANTICOAGULATION
ANTIDEPRESSANT
ANTIFREEZE
ANTIFUNGAL
ANTIHISTAMINE
ANTIPHOSPHOLIPID
ANTIPYRINE
ARGON
ARSENIC
ASPIRIN
ATENOLOL
ATIVAN
ATOMOXETINE
ATRACURIUM
ATROPINE
AUGMENTIN
AUTO EXHAUST
AUTOMOBILE EXHAUST
AZATHIOPRINE
AZITHROMYCIN
BACLOFEN
BARBITURATE
BEER
BENADRYL
BENZ
BENZENE
BENZODIAZEPINE
BENZONATATE
BENZOYLECGONINE
BENZTROPINE
BETA BLOCKER
BLEOMYCIN
BROMPHENIRAMINE
BUCLIZINE
BUPIVACAINE
BUPRENORPHINE
BUPROPION
BUSPIRONE
BUTABARBITAL
BUTALBITAL
BUTANE
BUTORPHANOL
CAFFEINE
CALCIUM CHANNEL BLOCKER
CANNABINOID
CAPECITABINE
CAR EXHAUST
CARBAMAZEPINE
CARBON ASPHYXIATION
CARBON DIOXIDE
CARBON EXHAUST
CARBON MONOXIDE
CARDIZEM
CARISOPRODOL
CELEBREX
CELEXA
CEPHALOSPORIN
CHEMICAL
CHEMOPROPHYLAXIS
CHEMOTHERAPY
CHLORAL
CHLORAL HYDRATE
CHLORCYCLIZINE
CHLORDIAZEPOXIDE
CHLOROBENZALDEHYDE
CHLORODIFLUOROMETHANE
CHLOROETHANE
CHLOROFORM
CHLORPHENIRAMINE
CHLORPROMAZINE
CHLORZOXAZONE
CIGARETTE
CIPROFLOXACIN
CIPROFLOXARIN
CITALOPRAM
CLOMIPRAMINE
CLONAZEPAM
CLONIDINE
CLOZAPINE
CLOZARIL
COCA ETHYLENE
COCAINE
CODEINE
COLCHICINE
COMBINED:ALCOHOL
COMPRESSED AIR
COMPRESSED NITROGEN
COTININE
COUMADIN
CYANIDE
CYCLOBENZAPRINE
CYCLOSPORINE
CYGON
DARVOCET
DARVON
DECANOATE
DEFEROXAMINE
DEMEROL
DEMOXEPAM
DEPAKOTE
DEPRESSANT
DESALKYLFLURAZEPAM
DESIPRAMINE
DESMETHYL
DESMETHYL PROPOXYPHENE
DESMETHYL VENLAFAXINE
DESMETHYLCITALOPRAM
DESMETHYLDOXEPIN
DESMETHYLSERTRALINE
DESYREL
DEXTRO
DEXTROMETHORPHAN
DIAZEPAM
DIAZINON
DICHLOROFLUOROETHANE
DICHLOROMETHANE
DICHLOROPHENOXYACETIC
DICHLOROPHENOXYACETIC ACID
DICLOFENAC
DIETHYLETHER
DIFLUOROCHLOROMETHANE
DIFLUOROETHANE
DIFLUOROETHENE
DIFLUOROMETHANE
DIGITALIS
DIGITOXIN
DIGOXIN
DIHYDROCODEINE
DIHYDROCODONE
DILANTIN
DILAUDID
DILTIAZEM
DILTIAZEM HYDROCHLORIDE
DINITROPHENOL
DIPHENHY
DIPHENHYDRAMINE
DIPHENYL
DISOPYRAMIDE
DISULFIRAM
DOLOPHINE
DOXAPRAM
DOXEPIN
DOXORUBICIN
DOXOT
DOXYLAMINE
DRAMAMINE
DRAMINE
DRANO
DRUG
DULOXETINE
DURAGESIC
ECGONINEMETHYLESTER
ECSTASY
EFFEXOR
ELANZAPINE
ELAVIL
ENDOCET
ENGINE EXHAUST
EPHEDRINE
EQUANIL
ETHAZINE
ETHER
ETHLENE
ETHYL
ETHYL ALCOHOL
ETHYL CHLORIDE
ETHYLENE
ETHYLENE GLYCOL
ETHYLENGLYCOL
ETOHISM
EUTHANASIA
EXEDRIN
FEN-PHEN
FENTANYL
FK506
FLECAINIDE
FLEXERIL
FLOXICIN
FLUDARABINE
FLUORINATED HYDROCARBON
FLUOXETINE
FLURAZEPAM
FLUVOXAMINE
FREON
FUMES
FUMIGANT
FUMTOXIN
FURANTOIN
FUROSEMIDE
GABAPENTIN
GAMMA HYDROXYBUTYRATE
GAMMA HYDROXYBUTYRIC ACID
GASOLINE VAPOR
GEMCITABINE
GEMFIBROZIL
GHB
GLUCAPHAGE
GLYBURIDE
GLYCOL
GLYPHOSATE
GUAIFENESIN
HALDOL
HALOPERIDOL
HALOPERIODOL
HELIUM
HERBICIDE
HERBS
HEROIN
HYDROCARBONS
HYDROCHLORIC
HYDROCHLOROTHIAZIDE
HYDROCODONE
HYDROCONE
HYDROFLUORIC
HYDROGEN CHLORIDE
HYDROGEN SULFIDE
HYDROMORPHONE
HYDROXIDE
HYDROXYALPRAZOLAM
HYDROXYCHLOROQUINE
HYDROXYZINE
IAMOTRIGINE
IBOGAINE
IBUPROFEN
IMIPRAMINE
INERT GAS
INSULIN
IRON
ISOBUTANE
ISOFLURANE
ISONIAZID
ISOPROPANOL
ISOPROPYL ALCOHOL
KETAMINE
KETOROLAC
LAMICTAL
LAMOTRIGINE
LAMOTRIGRINE
LANTUS
LEVETIRACETAM
LEVOFLOXACIN
LEVORPHANOL
LIBRIUM
LIDOCAINE
LIPITOR
LISINOPRIL
LISMOPIAL
LISTERINE
LITHIUM
LORAZEPAM
LOSARTAN
LOXAPINE
LYE
MACRODANTIN
MALATHION
MAPROTILINE
MARCAINE
MARIJUANA
MDMA
MECLIZINE
MECOPROP
MEDICATION
MEPERIDINE
MEPIVACAINE
MEPROBAMATE
MESORIDAZINE
METAXALONE
METFORMIN
METH
METHADONE
METHAMPHETAMINE
METHANE
METHANOL
METHENAMINE
METHICILLIN
METHOCARBAMOL
METHORPHAN
METHOTREXATE
METHYL
METHYLECGONINE
METHYLENEDIOXY
METHYLENEDIOXYAMPHETAMINE
METHYLENEDIOXYMETHAMPHETAMINE
METHYLPHENIDATE
METOCLOPRAMIDE
METOPROLOL
MEXILETINE
MIDAZOLAM
MIRTAZEPINE
MORPHINE
MORPHINE SULFATE
MS CONTIN
MULTIDRUG
MULTIPHARMACY
MURIATIC
MUSCLE RELAXANT
MUSHROOMS
NALBUPHINE
NAPROXEN
NARCOTIC
NARCOTISM
NATURAL GAS
NEFAZODONE
NEURONTIN
NEVIRAPINE
NICOTINE
NIFEDIPINE
NITRITE
NITRO
NITROGEN
NITROGLYCERIN
NITROUS AND
NITROUS OXIDE
NORAMITRIPTYLINE
NORCITALOPRAM
NORCLOMIPRAMINE
NORDIAZ
NORDIAZEPAM
NORDOXEPIN
NORFLOXIDENE
NORFLUOXETINE
NORMEPERIDINE
NORPROPOX
NORPROPOXYPHENE
NORPSEUDOEPHEDRINE
NORSERTRALINE
NORTRIPTYLINE
NORVASC
NORVERAPAMIL
NOVOLOG
NSAID
OLANZAPINE
OLCONOC
OLEANDRIN
OPIATE
OPIOID
OPIUM
ORGANOPHOSPHATE
ORPHENADRINE
OTC
OVERANTICOAGULATION
OXALIC
OXALIC ACID
OXAZEPAM
OXCARBAZEPINE
OXYCODONE
OXYCONTIN
OXYMORPHONE
OXYZEPAM
PAIN RELIEVER
PALIPERIDONE
PAPAVERINE
PARAQUAT
PAROXETINE
PAXIL
PCP
PENICILLIN
PENTAZOCINE
PENTOBARBITAL
PERSANTINE
PESTICIDE
PHARMACEUTICAL
PHARMACOLOGICAL
PHENCYCLIDINE
PHENDIMETRAZINE
PHENERGAN
PHENETHYLAMINE
PHENIRAMINE
PHENMETRAZINE
PHENOBARBITAL
PHENTERMINE
PHENYLPROPANOLAMINE
PHENYLTOLOXAMINE
PHENYTOIN
PHOSPHIDE
PHOSPHINE
PHOSPHORIC
PHOSPHOSODA
PILL
PIROXICAM
PLAVIX
POISON
POISONOUS
POLYDRUG
POLYMEDICATION
POLYMICROBIAL
POLYPHARMACEUTICAL
POLYPHARMACY
POLYPRESCRIPTION
POLYSUBSTANCE
POLYSUBSTANCES
POPPY
POTASSIUM
PRAMETHAZINE
PRAMOXINE
PREDNISONE
PRESCRIPTION
PRIMIDONE
PROCAINAMIDE
PROCHLORPERAZINE
PRODUCTS OF COMBUSTION
PROGRAF
PROMETHAZINE
PROPAFENONE
PROPANE
PROPOFOL
PROPOXYPHENE
PROPRANOLOL
PROTAMINE
PROZAC
PSEUDOEPHEDRINE
PSILOCYBIN
PSLOET
PYRIDOSTIGMINE
PYROXENITE
QUETIAPINE
QUINIDINE
QUININE
RIFAMPIN
RIFARMIN
RISPERDAL
RISPERIDONE
SALICYLATE
SALICYLIC
SALICYLIC ACID
SCOPOLAMINE
SECOBARBITAL
SEDATION
SEDATIVE
SEROQUEL
SERTRALINE
SIMVASTATIN
SMOKE INHALATION
SODIUM
SOLVENT
STEROID
STIMULANT
STRYCHNINE
SUBOXONE
SUCCINYLCHOLINE
SUDAFED
SUFENTANIL
SULFATE
SULFURIC ACID
SUMATRIPTAN
TABLETS
TALC
TAMINOPHEN
TAPENTADOL
TEGRETOL
TEMAZEPAM
TEQUILA
TESTOSTERONE
TETRAFLUOROETHANE
TETRAHYDROC
TETRAHYDROCANNABINOL
TETRAZEPAM
THEOPHYLLINE
THIORIDAZINE
THORAZINE
TOBACCO
TOLUENE
TOPIRAMATE
TRAMADOL
TRANQUILIZER
TRANYLCYPROMINE
TRAZADIBEM
TRAZODONE
TRIAVIL
TRIAZOLAM
TRICHLORETHYLENE
TRICHLOROETHANOL
TRICYCLIC
TRICYCLINE
TRILEPTAL
TRIMETHOBENZAMIDE
TRIMETHOPRIM
TRIPROLIDINE
TROPINE
TYLENOL
UNISOM
VALPROATE
VALPROIC
VALPROIC ACID
VALTREX
VANCOMYCIN
VEHICLE EXHAUST
VENLAFAXINE
VERAPAMIL
VERMOUTH
VICODIN
VODKA
VOLTAREN
WARFARIN
WELLBUTRIN
XANAX
XYLAZINE
ZALEPLON
ZIPRAZIDONE
ZOCOR
ZOLOFT
ZOLPIDEM
ZONISAMIDE
ZOPICLONE
ZOSYN
ZYPREXA
